// Vitest Snapshot v1

exports[`BaseModal > should render configured modal component 1`] = `
"<div class=\\"fixed-top z-10 inset-0 overflow-y-auto bg-black bg-opacity-50 h-100\\">
  <div class=\\"d-flex justify-content-center align-items-center h-100\\">
    <div class=\\"card text-muted shadow-sm border-0 w-50\\">
      <!---->
      <div class=\\"card-header\\">
        <div class=\\"d-flex justify-content-between align-items-center\\">
          <h2 class=\\"mb-0\\">Modal Title</h2><button data-testid=\\"modal-close\\" type=\\"button\\" class=\\"bg-transparent border-0 text-muted\\"><i class=\\"bi bi-x fa-2x\\"></i></button>
        </div>
      </div>
      <div class=\\"card-body\\">
        <!---->
        <!---->
      </div>
      <!---->
      <!---->
    </div>
  </div>
</div>"
`;
