// Vitest Snapshot v1

exports[`NavigationBar > should render the component given home page is active 1`] = `
"<ul class=\\"nav bg-dark\\">
  <li class=\\"nav-item\\"><a class=\\"active nav-link\\" to=\\"/\\" href=\\"/\\" target=\\"_self\\">
  <li class=\\"navbar-text text-light\\">Home</li></a></li>
  <li class=\\"nav-item\\"><a class=\\"nav-link\\" to=\\"/issues/open\\" href=\\"/issues/open\\" target=\\"_self\\">
  <li class=\\"navbar-text text-light\\">Open Issues</li></a></li>
  <li class=\\"nav-item\\"><a class=\\"nav-link\\" to=\\"/issues/completed\\" href=\\"/issues/completed\\" target=\\"_self\\">
  <li class=\\"navbar-text text-light\\">Completed Issues</li></a></li>
  <li class=\\"nav-item\\"><a class=\\"nav-link\\" to=\\"/issues/trashed\\" href=\\"/issues/trashed\\" target=\\"_self\\">
  <li class=\\"navbar-text text-light\\">Trashed Issues</li></a></li>
</ul>"
`;
